[2026-09-07T21:16:37Z] === ENRICH ITERATION 11 START | repo=apache/arrow sha=ac970766 ===
[2026-09-07T21:16:37Z] [iter=11] PHASE START: enrich repo=apache/arrow sha=ac970766 runlog=/home/runner/work/forx/forx/storage/aggregate/lsp/logs/ac970766-enrich-iter-011.log output=/home/runner/work/forx/forx/storage/aggregate/lsp/ac9707663c160599fc46925a9d15d2cf030d110b.nq.gz
[2026-09-07T21:16:37Z] [iter=11] Step 1: Loading AST into disk-backed store mem_mb=77 MB
[2026-09-07T21:31:15Z] [iter=11] AST store loaded triples=58538703 load_secs=853 mem_mb=1203 MB
[2026-09-07T21:31:15Z] [iter=11] Step 2: Finding LSP targets mem_mb=1203 MB
[2026-09-07T21:33:43Z] [iter=11] LSP targets found call_sites=543315 imports=26092 extends=2697 implements=0 secs=148
[2026-09-07T21:33:47Z] [iter=11] Loaded checkpoint partial graph triples=97432
[2026-09-07T21:35:45Z] [iter=11] Step 2.7: Building position index (one-shot, shared across resolvers) mem_mb=1279 MB
[2026-09-07T21:42:37Z] [iter=11] Position index built positions=3686093 nodes_with_types=4721244 secs=412 mem_mb=7878 MB
[2026-09-07T21:42:37Z] [iter=11] Step 3: Starting LSP resolution mem_mb=7878 MB already_completed_types=[] already_completed_files=21
[2026-09-07T21:42:37Z] [iter=11] Resolving target type target_type=call_site count=543315
[2026-09-07T21:42:44Z] [iter=11] HEARTBEAT target_type=call_site elapsed_min=26.1 files_done=0 resolved=0 errors=543315 current=cpp/src/arrow/compute/kernels/vector_replace.cc
[2026-09-07T22:06:26Z] [iter=11] HEARTBEAT target_type=call_site elapsed_min=49.8 files_done=1 resolved=97 errors=543373 current=python/pyarrow/src/arrow/python/python_test.cc
[2026-09-07T23:38:54Z] [iter=11] HEARTBEAT target_type=call_site elapsed_min=142.3 files_done=2 resolved=105 errors=543599 current=cpp/src/gandiva/tests/projector_test.cc
[2026-09-07T23:56:48Z] [iter=11] HEARTBEAT target_type=call_site elapsed_min=160.2 files_done=4 resolved=105 errors=543643 current=c_glib/arrow-glib/scalar.cpp
[2026-09-08T00:24:33Z] [iter=11] HEARTBEAT target_type=call_site elapsed_min=187.9 files_done=5 resolved=105 errors=543711 current=python/pyarrow/src/arrow/python/arrow_to_pandas.cc
[2026-09-08T01:17:04Z] [iter=11] CHECKPOINT TRIGGERED elapsed_min=240.4 files_completed=26 new_files_this_iter=5 mem_mb=7956 MB
[2026-09-08T01:17:04Z] [iter=11] Writing partial enrichment graph path=/home/runner/work/forx/forx/storage/aggregate/lsp/ac9707663c160599fc46925a9d15d2cf030d110b.nq.gz triples=105230
[2026-09-08T01:17:06Z] [iter=11] Checkpoint written, exiting with code 7
[2026-09-08T01:17:06Z] [iter=11] PHASE END: enrich (checkpointed) elapsed_s=14427 elapsed_min=240.4 files_completed=26
