[2026-09-05T03:29:32Z] === ENRICH ITERATION 9 START | repo=apache/arrow sha=ac970766 ===
[2026-09-05T03:29:32Z] [iter=9] PHASE START: enrich repo=apache/arrow sha=ac970766 runlog=/home/runner/work/forx/forx/storage/aggregate/lsp/logs/ac970766-enrich-iter-009.log output=/home/runner/work/forx/forx/storage/aggregate/lsp/ac9707663c160599fc46925a9d15d2cf030d110b.nq.gz
[2026-09-05T03:29:32Z] [iter=9] Step 1: Loading AST into disk-backed store mem_mb=77 MB
[2026-09-05T03:43:43Z] [iter=9] AST store loaded triples=58538703 load_secs=826 mem_mb=1201 MB
[2026-09-05T03:43:43Z] [iter=9] Step 2: Finding LSP targets mem_mb=1201 MB
[2026-09-05T03:46:11Z] [iter=9] LSP targets found call_sites=543315 imports=26092 extends=2697 implements=0 secs=147
[2026-09-05T03:46:14Z] [iter=9] Loaded checkpoint partial graph triples=86215
[2026-09-05T03:48:20Z] [iter=9] Step 2.7: Building position index (one-shot, shared across resolvers) mem_mb=1229 MB
[2026-09-05T03:54:33Z] [iter=9] Position index built positions=3686093 nodes_with_types=4721244 secs=372 mem_mb=7827 MB
[2026-09-05T03:54:33Z] [iter=9] Step 3: Starting LSP resolution mem_mb=7827 MB already_completed_types=[] already_completed_files=11
[2026-09-05T03:54:33Z] [iter=9] Resolving target type target_type=call_site count=543315
[2026-09-05T03:54:36Z] [iter=9] HEARTBEAT target_type=call_site elapsed_min=25.1 files_done=0 resolved=0 errors=543315 current=cpp/src/arrow/type_test.cc
[2026-09-05T05:06:33Z] [iter=9] HEARTBEAT target_type=call_site elapsed_min=97.0 files_done=1 resolved=0 errors=543480 current=c_glib/gandiva-glib/node.cpp
[2026-09-05T05:30:35Z] [iter=9] HEARTBEAT target_type=call_site elapsed_min=121.1 files_done=2 resolved=0 errors=543532 current=cpp/src/arrow/compute/kernels/scalar_validity_test.cc
[2026-09-05T06:07:41Z] [iter=9] HEARTBEAT target_type=call_site elapsed_min=158.1 files_done=4 resolved=4 errors=543615 current=cpp/src/arrow/compute/kernels/scalar_arithmetic_test.cc
[2026-09-05T06:15:50Z] [iter=9] HEARTBEAT target_type=call_site elapsed_min=166.3 files_done=5 resolved=6 errors=543634 current=cpp/src/arrow/ipc/reader.h
[2026-09-05T06:33:27Z] [iter=9] HEARTBEAT target_type=call_site elapsed_min=183.9 files_done=6 resolved=6 errors=543675 current=cpp/src/arrow/util/async_generator.h
[2026-09-05T07:30:50Z] [iter=9] CHECKPOINT TRIGGERED elapsed_min=241.3 files_completed=17 new_files_this_iter=6 mem_mb=7910 MB
[2026-09-05T07:30:50Z] [iter=9] Writing partial enrichment graph path=/home/runner/work/forx/forx/storage/aggregate/lsp/ac9707663c160599fc46925a9d15d2cf030d110b.nq.gz triples=93863
[2026-09-05T07:30:52Z] [iter=9] Checkpoint written, exiting with code 7
[2026-09-05T07:30:52Z] [iter=9] PHASE END: enrich (checkpointed) elapsed_s=14478 elapsed_min=241.3 files_completed=17
