[2026-09-15T07:46:50Z] === ENRICH ITERATION 2 START | repo=apache/arrow sha=e9dfa457 ===
[2026-09-15T07:46:50Z] [iter=2] PHASE START: enrich repo=apache/arrow sha=e9dfa457 runlog=/home/runner/work/forx/forx/storage/aggregate/lsp/logs/e9dfa457-enrich-iter-002.log output=/home/runner/work/forx/forx/storage/aggregate/lsp/e9dfa457975c7165bbb8e8c0ac8bf49716e1115e.nq.gz
[2026-09-15T07:46:50Z] [iter=2] Step 1: Loading AST into disk-backed store mem_mb=76 MB
[2026-09-15T08:00:37Z] [iter=2] AST store loaded triples=54665282 load_secs=802 mem_mb=1182 MB
[2026-09-15T08:00:37Z] [iter=2] Step 2: Finding LSP targets mem_mb=1182 MB
[2026-09-15T08:03:39Z] [iter=2] LSP targets found call_sites=529431 imports=15897 extends=2395 implements=0 secs=182
[2026-09-15T08:03:41Z] [iter=2] Loaded checkpoint partial graph triples=51514
[2026-09-15T08:05:38Z] [iter=2] Step 2.7: Building position index (one-shot, shared across resolvers) mem_mb=1182 MB
[2026-09-15T08:11:30Z] [iter=2] Position index built positions=3582380 nodes_with_types=4588897 secs=352 mem_mb=6775 MB
[2026-09-15T08:11:30Z] [iter=2] Step 3: Starting LSP resolution mem_mb=6775 MB already_completed_types=[] already_completed_files=6
[2026-09-15T08:11:30Z] [iter=2] Resolving target type target_type=call_site count=529431
[2026-09-15T08:11:33Z] [iter=2] HEARTBEAT target_type=call_site elapsed_min=24.7 files_done=0 resolved=0 errors=0 current=cpp/src/arrow/util/async_generator_test.cc
[2026-09-15T08:40:32Z] [iter=2] HEARTBEAT target_type=call_site elapsed_min=53.7 files_done=1 resolved=16 errors=75 current=cpp/src/gandiva/tests/boolean_expr_test.cc
[2026-09-15T08:42:51Z] [iter=2] HEARTBEAT target_type=call_site elapsed_min=56.0 files_done=2 resolved=16 errors=81 current=cpp/src/arrow/ipc/reader.cc
[2026-09-15T09:47:43Z] [iter=2] HEARTBEAT target_type=call_site elapsed_min=120.9 files_done=3 resolved=35 errors=249 current=cpp/src/arrow/compute/expression_test.cc
[2026-09-15T11:17:54Z] [iter=2] HEARTBEAT target_type=call_site elapsed_min=211.1 files_done=4 resolved=52 errors=483 current=cpp/src/gandiva/precompiled/string_ops.cc
[2026-09-15T11:47:54Z] [iter=2] CHECKPOINT TRIGGERED elapsed_min=241.1 files_completed=10 new_files_this_iter=4 mem_mb=6909 MB
[2026-09-15T11:47:54Z] [iter=2] Writing partial enrichment graph path=/home/runner/work/forx/forx/storage/aggregate/lsp/e9dfa457975c7165bbb8e8c0ac8bf49716e1115e.nq.gz triples=57792
[2026-09-15T11:47:55Z] [iter=2] Checkpoint written, exiting with code 7
[2026-09-15T11:47:55Z] [iter=2] PHASE END: enrich (checkpointed) elapsed_s=14464 elapsed_min=241.1 files_completed=10
